../Core/Src/main.c:69:5:main	8	static
../Core/Src/main.c:114:6:SystemClock_Config	72	static
../Core/Src/main.c:153:13:MX_TIM2_Init	32	static
../Core/Src/main.c:198:13:MX_GPIO_Init	32	static
../Core/Src/main.c:229:6:Delay_Microseconds_DWT	24	static
../Core/Src/main.c:236:6:Half_Drive	16	static
../Core/Src/main.c:297:6:Set_RPM	16	static
../Core/Src/main.c:302:6:Step_Angle	48	static
../Core/Src/main.c:330:6:DWT_Init	4	static
../Core/Src/main.c:335:6:HAL_TIM_PeriodElapsedCallback	16	static
../Core/Src/main.c:345:6:Error_Handler	4	static,ignoring_inline_asm
